
ΓòöΓòÉΓòÉΓòÉΓòÉΓòÉΓòÉΓòÉΓòÉΓòÉΓòÉΓòÉΓòÉΓòÉΓòÉΓòÉΓòÉΓòÉΓòÉΓòÉΓòÉΓòÉΓòÉΓòÉΓòÉΓòÉΓòÉΓòÉΓòÉΓòÉΓòÉΓòÉΓòÉΓòÉΓòÉΓòÉΓòÉΓòÉΓòÉΓòÉΓòÉΓòÉΓòÉΓòù
Γòæ  ≡ƒº¬ E2E Test ΓÇö Full Flow Member + Staff  Γòæ
ΓòÜΓòÉΓòÉΓòÉΓòÉΓòÉΓòÉΓòÉΓòÉΓòÉΓòÉΓòÉΓòÉΓòÉΓòÉΓòÉΓòÉΓòÉΓòÉΓòÉΓòÉΓòÉΓòÉΓòÉΓòÉΓòÉΓòÉΓòÉΓòÉΓòÉΓòÉΓòÉΓòÉΓòÉΓòÉΓòÉΓòÉΓòÉΓòÉΓòÉΓòÉΓòÉΓòÉΓò¥

≡ƒôí 1. Health Check
  Γ£à Server is running

≡ƒæñ 2. Member Auth Flow
  Γ£à Member login (new phone)
  Γ£à   ΓåÆ isNewUser = true
  Γ£à   ΓåÆ Has memberId
  Γ£à Member login (existing)
  Γ£à GET /auth/me (member)
  Γ£à GET /auth/me (no token) ΓåÆ 401

≡ƒñ¥ 3. Referral Flow
  Γ£à GET /referrals/my-referees

≡ƒæ¿ΓÇì≡ƒÆ╝ 4. Staff Auth Flow
  Γ¥î Staff login (predefined phones)
     ΓåÆ No staff found with test phones. Trying to find staff...
  ΓÜá∩╕Å  No staff account found. Skipping staff-specific tests.
  ≡ƒÆí To run staff tests, ensure staff records exist in the database.

ΓòöΓòÉΓòÉΓòÉΓòÉΓòÉΓòÉΓòÉΓòÉΓòÉΓòÉΓòÉΓòÉΓòÉΓòÉΓòÉΓòÉΓòÉΓòÉΓòÉΓòÉΓòÉΓòÉΓòÉΓòÉΓòÉΓòÉΓòÉΓòÉΓòÉΓòÉΓòÉΓòÉΓòÉΓòÉΓòÉΓòÉΓòÉΓòÉΓòÉΓòÉΓòÉΓòÉΓòù
Γòæ            ≡ƒôè Kß║╛T QUß║ó Tß╗öNG Hß╗óP          Γòæ
ΓòáΓòÉΓòÉΓòÉΓòÉΓòÉΓòÉΓòÉΓòÉΓòÉΓòÉΓòÉΓòÉΓòÉΓòÉΓòÉΓòÉΓòÉΓòÉΓòÉΓòÉΓòÉΓòÉΓòÉΓòÉΓòÉΓòÉΓòÉΓòÉΓòÉΓòÉΓòÉΓòÉΓòÉΓòÉΓòÉΓòÉΓòÉΓòÉΓòÉΓòÉΓòÉΓòÉΓòú
Γòæ  Γ£à ─Éß║ít:    8    / 9                    Γòæ
Γòæ  Γ¥î Lß╗ùi:    1    / 9                    Γòæ
Γòæ  ≡ƒôê Tß╗╖ lß╗ç:  89%                          Γòæ
ΓòÜΓòÉΓòÉΓòÉΓòÉΓòÉΓòÉΓòÉΓòÉΓòÉΓòÉΓòÉΓòÉΓòÉΓòÉΓòÉΓòÉΓòÉΓòÉΓòÉΓòÉΓòÉΓòÉΓòÉΓòÉΓòÉΓòÉΓòÉΓòÉΓòÉΓòÉΓòÉΓòÉΓòÉΓòÉΓòÉΓòÉΓòÉΓòÉΓòÉΓòÉΓòÉΓòÉΓò¥

≡ƒö┤ C├íc test FAIL:
   Γ¥î Staff login (predefined phones): No staff found with test phones. Trying to find staff...

